BL51 BANKED LINKER/LOCATER V6.22                                                        06/21/2018  04:58:26  PAGE 1


BL51 BANKED LINKER/LOCATER V6.22, INVOKED BY:
C:\KEIL4FOR51\C51\BIN\BL51.EXE STARTUP.obj, main.obj TO NTCsensor RAMSIZE (256)


MEMORY MODEL: SMALL WITH FLOATING POINT ARITHMETIC


INPUT MODULES INCLUDED:
  STARTUP.obj (?C_STARTUP)
  main.obj (MAIN)
  C:\KEIL4FOR51\C51\LIB\C51FPS.LIB (?C?FPADD)
  C:\KEIL4FOR51\C51\LIB\C51FPS.LIB (?C?FPMUL)
  C:\KEIL4FOR51\C51\LIB\C51FPS.LIB (?C?FPDIV)
  C:\KEIL4FOR51\C51\LIB\C51FPS.LIB (?C?FPCMP)
  C:\KEIL4FOR51\C51\LIB\C51FPS.LIB (?C?FPNEG)
  C:\KEIL4FOR51\C51\LIB\C51FPS.LIB (?C?FCAST)
  C:\KEIL4FOR51\C51\LIB\C51FPS.LIB (?C?CASTF)
  C:\KEIL4FOR51\C51\LIB\C51FPS.LIB (?C?FPGETOPN)
  C:\KEIL4FOR51\C51\LIB\C51S.LIB (?C_INIT)
  C:\KEIL4FOR51\C51\LIB\C51S.LIB (?C?SIDIV)
  C:\KEIL4FOR51\C51\LIB\C51S.LIB (?C?SLDIV)
  C:\KEIL4FOR51\C51\LIB\C51S.LIB (?C?LNEG)
  C:\KEIL4FOR51\C51\LIB\C51S.LIB (?C?SLCMP)
  C:\KEIL4FOR51\C51\LIB\C51S.LIB (?C?LLDCODE)
  C:\KEIL4FOR51\C51\LIB\C51S.LIB (?C?LLDCODE0)
  C:\KEIL4FOR51\C51\LIB\C51S.LIB (?C?UIDIV)
  C:\KEIL4FOR51\C51\LIB\C51S.LIB (?C?ULDIV)


LINK MAP OF MODULE:  NTCsensor (?C_STARTUP)


            TYPE    BASE      LENGTH    RELOCATION   SEGMENT NAME
            -----------------------------------------------------

            * * * * * * *   D A T A   M E M O R Y   * * * * * * *
            REG     0000H     0008H     ABSOLUTE     "REG BANK 0"
            DATA    0008H     0032H     UNIT         ?DT?MAIN
            DATA    003AH     0016H     UNIT         _DATA_GROUP_
            IDATA   0050H     0001H     UNIT         ?STACK

            * * * * * * *   C O D E   M E M O R Y   * * * * * * *
            CODE    0000H     0003H     ABSOLUTE     
                    0003H     0008H                  *** GAP ***
            CODE    000BH     0003H     ABSOLUTE     
            CODE    000EH     0011H     UNIT         ?PR?TIMER0INIT?MAIN
                    001FH     0004H                  *** GAP ***
            CODE    0023H     0003H     ABSOLUTE     
            CODE    0026H     0029H     UNIT         ?PR?_DELAY_MS?MAIN
                    004FH     0004H                  *** GAP ***
            CODE    0053H     0003H     ABSOLUTE     
            CODE    0056H     0584H     UNIT         ?C?LIB_CODE
            CODE    05DAH     051BH     UNIT         ?CO?MAIN
            CODE    0AF5H     0310H     UNIT         ?PR?_STR_TRANSLATE?MAIN
            CODE    0E05H     02F5H     UNIT         ?PR?_LED_TRANSLATE?MAIN
            CODE    10FAH     025AH     UNIT         ?PR?_TEMP_MEASURE_PT100?MAIN
            CODE    1354H     0212H     UNIT         ?PR?TEMP_MEASURE?MAIN
            CODE    1566H     01E0H     UNIT         ?PR?TURN_CHECK?MAIN
BL51 BANKED LINKER/LOCATER V6.22                                                      06/21/2018  04:58:26  PAGE 2


            CODE    1746H     00BFH     UNIT         ?PR?MOOD_CHOOSE_WORK?MAIN
            CODE    1805H     00B9H     UNIT         ?PR?MAIN?MAIN
            CODE    18BEH     008CH     UNIT         ?C_C51STARTUP
            CODE    194AH     007EH     UNIT         ?PR?KEY_CHECK_SETNUM?MAIN
            CODE    19C8H     007BH     UNIT         ?PR?VOLTAGE_MEASURE?MAIN
            CODE    1A43H     0071H     UNIT         ?PR?KEY_SCAN?MAIN
            CODE    1AB4H     0065H     UNIT         ?PR?UART1_ISR?MAIN
            CODE    1B19H     0065H     UNIT         ?C_INITSEG
            CODE    1B7EH     005CH     UNIT         ?PR?SET_NUM_CALCULATE?MAIN
            CODE    1BDAH     0056H     UNIT         ?PR?VOLTAGE_MEASURE2_5V_AD?MAIN
            CODE    1C30H     0044H     UNIT         ?C?LDIV
            CODE    1C74H     003CH     UNIT         ?PR?TIME0?MAIN
            CODE    1CB0H     003BH     UNIT         ?PR?INPUT2_ISR?MAIN
            CODE    1CEBH     003BH     UNIT         ?PR?SLEEP_CHECK?MAIN
            CODE    1D26H     0035H     UNIT         ?PR?LED_CLEAN?MAIN
            CODE    1D5BH     0026H     UNIT         ?PR?_GET_AD?MAIN
            CODE    1D81H     0019H     UNIT         ?PR?KEY_CHECK?MAIN
            CODE    1D9AH     0017H     UNIT         ?PR?UARTINIT?MAIN
            CODE    1DB1H     000FH     UNIT         ?PR?INIT_ADC?MAIN



OVERLAY MAP OF MODULE:   NTCsensor (?C_STARTUP)


SEGMENT                                   DATA_GROUP 
  +--> CALLED SEGMENT                   START    LENGTH
-------------------------------------------------------
?C_C51STARTUP                           -----    -----
  +--> ?PR?MAIN?MAIN
  +--> ?C_INITSEG

?PR?MAIN?MAIN                           -----    -----
  +--> ?PR?INIT_ADC?MAIN
  +--> ?PR?UARTINIT?MAIN
  +--> ?PR?TIMER0INIT?MAIN
  +--> ?CO?MAIN
  +--> ?PR?_DELAY_MS?MAIN
  +--> ?PR?TURN_CHECK?MAIN
  +--> ?PR?SLEEP_CHECK?MAIN
  +--> ?PR?KEY_CHECK?MAIN
  +--> ?PR?MOOD_CHOOSE_WORK?MAIN

?PR?TURN_CHECK?MAIN                     -----    -----
  +--> ?PR?KEY_CHECK_SETNUM?MAIN
  +--> ?PR?SET_NUM_CALCULATE?MAIN
  +--> ?PR?_LED_TRANSLATE?MAIN

?PR?_LED_TRANSLATE?MAIN                 003AH    0006H
  +--> ?CO?MAIN

?PR?SLEEP_CHECK?MAIN                    -----    -----
  +--> ?PR?LED_CLEAN?MAIN
  +--> ?PR?_DELAY_MS?MAIN

?PR?MOOD_CHOOSE_WORK?MAIN               -----    -----
  +--> ?PR?TEMP_MEASURE?MAIN
BL51 BANKED LINKER/LOCATER V6.22                                                      06/21/2018  04:58:26  PAGE 3


  +--> ?PR?_LED_TRANSLATE?MAIN
  +--> ?PR?_STR_TRANSLATE?MAIN
  +--> ?PR?VOLTAGE_MEASURE?MAIN
  +--> ?PR?VOLTAGE_MEASURE2_5V_AD?MAIN
  +--> ?PR?_TEMP_MEASURE_PT100?MAIN

?PR?TEMP_MEASURE?MAIN                   003AH    0014H
  +--> ?PR?_GET_AD?MAIN
  +--> ?PR?_DELAY_MS?MAIN
  +--> ?CO?MAIN

?PR?_STR_TRANSLATE?MAIN                 003AH    0006H
  +--> ?CO?MAIN

?PR?VOLTAGE_MEASURE?MAIN                003AH    000AH
  +--> ?PR?_GET_AD?MAIN
  +--> ?PR?_DELAY_MS?MAIN

?PR?VOLTAGE_MEASURE2_5V_AD?MAIN         003AH    000AH
  +--> ?PR?_GET_AD?MAIN
  +--> ?PR?_DELAY_MS?MAIN

?PR?_TEMP_MEASURE_PT100?MAIN            003AH    0016H
  +--> ?PR?_GET_AD?MAIN
  +--> ?PR?_DELAY_MS?MAIN
  +--> ?CO?MAIN

*** NEW ROOT ***************************************************

?PR?INPUT2_ISR?MAIN                     -----    -----
  +--> ?PR?_DELAY_MS?MAIN

*** NEW ROOT ***************************************************

?PR?TIME0?MAIN                          -----    -----
  +--> ?PR?KEY_SCAN?MAIN

*** NEW ROOT ***************************************************

?PR?UART1_ISR?MAIN                      -----    -----
  +--> ?PR?_DELAY_MS?MAIN



SYMBOL TABLE OF MODULE:  NTCsensor (?C_STARTUP)

  VALUE           TYPE          NAME
  ----------------------------------

  -------         MODULE        ?C_STARTUP
  C:18BEH         SEGMENT       ?C_C51STARTUP
  I:0050H         SEGMENT       ?STACK
  C:0000H         PUBLIC        ?C_STARTUP
  D:00E0H         SYMBOL        ACC
  D:00F0H         SYMBOL        B
  D:0083H         SYMBOL        DPH
  D:0082H         SYMBOL        DPL
BL51 BANKED LINKER/LOCATER V6.22                                                      06/21/2018  04:58:26  PAGE 4


  N:0000H         SYMBOL        IBPSTACK
  N:0100H         SYMBOL        IBPSTACKTOP
  N:0080H         SYMBOL        IDATALEN
  C:18C1H         SYMBOL        IDATALOOP
  N:0000H         SYMBOL        PBPSTACK
  N:0100H         SYMBOL        PBPSTACKTOP
  N:0000H         SYMBOL        PDATALEN
  N:0000H         SYMBOL        PDATASTART
  N:0000H         SYMBOL        PPAGE
  N:0000H         SYMBOL        PPAGEENABLE
  D:00A0H         SYMBOL        PPAGE_SFR
  D:0081H         SYMBOL        SP
  C:18BEH         SYMBOL        STARTUP1
  N:0000H         SYMBOL        XBPSTACK
  N:0000H         SYMBOL        XBPSTACKTOP
  N:0000H         SYMBOL        XDATALEN
  N:0000H         SYMBOL        XDATASTART
  C:0000H         LINE#         126
  C:18BEH         LINE#         133
  C:18C0H         LINE#         134
  C:18C1H         LINE#         135
  C:18C2H         LINE#         136
  C:18C4H         LINE#         185
  C:18C7H         LINE#         196
  -------         ENDMOD        ?C_STARTUP

  -------         MODULE        MAIN
  C:0000H         SYMBOL        _ICE_DUMMY_
  B:00A0H.4       PUBLIC        TURN4
  D:0092H         PUBLIC        P1M0
  D:0091H         PUBLIC        P1M1
  D:0080H         PUBLIC        P0
  D:0090H         PUBLIC        P1
  D:0008H         PUBLIC        signal
  D:00A0H         PUBLIC        P2
  D:00B0H         PUBLIC        P3
  D:00C0H         PUBLIC        P4
  D:00C8H         PUBLIC        P5
  D:0009H         PUBLIC        MAXMINtemp
  B:00A8H.7       PUBLIC        EA
  D:00E8H         PUBLIC        P6
  C:1D5BH         PUBLIC        _Get_AD
  B:00C0H.2       PUBLIC        LED1
  D:00F8H         PUBLIC        P7
  B:00C0H.4       PUBLIC        LED2
  C:19C8H         PUBLIC        Voltage_Measure
  D:00A8H         PUBLIC        IE
  C:0AFDH         PUBLIC        _STR_Translate
  D:00BDH         PUBLIC        ADC_RES
  C:1B7EH         PUBLIC        set_num_calculate
  D:000CH         PUBLIC        minmum
  B:00A8H.4       PUBLIC        ES
  D:0010H         PUBLIC        sleep_flag
  D:0011H         PUBLIC        maxmum
  D:00B8H         PUBLIC        IP
  B:00B0H.6       PUBLIC        KEY1
  B:0098H.0       PUBLIC        RI
BL51 BANKED LINKER/LOCATER V6.22                                                      06/21/2018  04:58:26  PAGE 5


  C:1D26H         PUBLIC        LED_Clean
  B:00B0H.5       PUBLIC        KEY2
  C:05EAH         PUBLIC        Table1
  B:00B0H.4       PUBLIC        KEY3
  B:0098H.1       PUBLIC        TI
  D:0015H         PUBLIC        alarm_mood
  D:00D8H         PUBLIC        CCON
  C:1805H         PUBLIC        main
  C:1D81H         PUBLIC        key_check
  C:1566H         PUBLIC        turn_check
  C:194AH         PUBLIC        key_check_setnum
  D:0016H         PUBLIC        error
  D:0017H         PUBLIC        loca_count
  D:0018H         PUBLIC        mood
  D:00BCH         PUBLIC        ADC_CONTR
  D:0099H         PUBLIC        SBUF
  D:0087H         PUBLIC        PCON
  D:0019H         PUBLIC        VCC_measure
  D:0098H         PUBLIC        SCON
  C:1D9AH         PUBLIC        UartInit
  C:1CB0H         PUBLIC        input2_ISR
  D:0089H         PUBLIC        TMOD
  D:0088H         PUBLIC        TCON
  C:0A85H         PUBLIC        PT100
  D:001DH         PUBLIC        key_final
  D:001EH         PUBLIC        voltage_2_5v_ad
  D:0020H         PUBLIC        temp_result
  C:1746H         PUBLIC        mood_choose_work
  C:1AB4H         PUBLIC        UART1_ISR
  C:1DB1H         PUBLIC        Init_ADC
  D:0024H         PUBLIC        PT100_error_flag
  D:008EH         PUBLIC        AUXR
  D:0025H         PUBLIC        Ledcount
  D:0026H         PUBLIC        Sendtemp
  D:002CH         PUBLIC        minmum1
  B:00A8H.1       PUBLIC        ET0
  D:002EH         PUBLIC        sleep_flag1
  D:002FH         PUBLIC        key
  D:0030H         PUBLIC        maxmum1
  B:0088H.5       PUBLIC        TF0
  B:00A8H.3       PUBLIC        ET1
  C:000EH         PUBLIC        Timer0Init
  D:008CH         PUBLIC        TH0
  D:0032H         PUBLIC        flag1
  D:008DH         PUBLIC        TH1
  C:1354H         PUBLIC        Temp_Measure
  D:008AH         PUBLIC        TL0
  D:008BH         PUBLIC        TL1
  C:1A43H         PUBLIC        key_scan
  B:0088H.4       PUBLIC        TR0
  B:0088H.6       PUBLIC        TR1
  D:00C1H         PUBLIC        WDT_CONTR
  D:0033H         PUBLIC        Showtemp
  D:009DH         PUBLIC        P1ASF
  D:0037H         PUBLIC        turn_start
  D:00BEH         PUBLIC        ADC_RESL
  C:1C74H         PUBLIC        time0
BL51 BANKED LINKER/LOCATER V6.22                                                      06/21/2018  04:58:26  PAGE 6


  C:05F5H         PUBLIC        NTC
  C:10FAH         PUBLIC        _Temp_Measure_PT100
  C:0E0DH         PUBLIC        _LED_Translate
  C:05DAH         PUBLIC        Table
  C:1BDAH         PUBLIC        Voltage_Measure2_5v_ad
  C:0035H         PUBLIC        _Delay_MS
  D:0038H         PUBLIC        keystatus
  D:008FH         PUBLIC        INT_CLKO
  D:0039H         PUBLIC        keycount
  D:00D0H         PUBLIC        PSW
  B:00A0H.7       PUBLIC        TURN1
  B:00A0H.6       PUBLIC        TURN2
  C:1CEBH         PUBLIC        sleep_check
  B:00A0H.5       PUBLIC        TURN3
  D:0094H         PUBLIC        P0M0
  C:0031H         SYMBOL        L?0196
  -------         PROC          L?0195
  -------         ENDPROC       L?0195
  C:0031H         SYMBOL        L?0196
  -------         PROC          _DELAY_MS
  D:0006H         SYMBOL        ms
  -------         DO            
  D:0004H         SYMBOL        i
  D:0005H         SYMBOL        j
  -------         ENDDO         
  C:0035H         LINE#         82
  C:0035H         LINE#         83
  C:0035H         LINE#         85
  C:0036H         LINE#         86
  C:0040H         LINE#         87
  C:0040H         LINE#         88
  C:0044H         LINE#         89
  C:0048H         LINE#         90
  C:004EH         LINE#         91
  C:004EH         LINE#         92
  -------         ENDPROC       _DELAY_MS
  -------         PROC          INIT_ADC
  C:1DB1H         LINE#         99
  C:1DB1H         LINE#         100
  C:1DB1H         LINE#         101
  C:1DB4H         LINE#         102
  C:1DB7H         LINE#         103
  C:1DBAH         LINE#         106
  C:1DBCH         LINE#         107
  C:1DBFH         LINE#         108
  -------         ENDPROC       INIT_ADC
  -------         PROC          _GET_AD
  D:0007H         SYMBOL        channel
  -------         DO            
  D:0006H         SYMBOL        result
  -------         ENDDO         
  C:1D5BH         LINE#         115
  C:1D5BH         LINE#         116
  C:1D5BH         LINE#         118
  C:1D5EH         LINE#         119
  C:1D60H         LINE#         120
  C:1D65H         LINE#         121
BL51 BANKED LINKER/LOCATER V6.22                                                      06/21/2018  04:58:26  PAGE 7


  C:1D67H         LINE#         122
  C:1D69H         LINE#         123
  C:1D6EH         LINE#         124
  C:1D71H         LINE#         125
  C:1D80H         LINE#         126
  C:1D80H         LINE#         127
  -------         ENDPROC       _GET_AD
  -------         PROC          VOLTAGE_MEASURE
  -------         DO            
  D:003AH         SYMBOL        i
  D:0082H         SYMBOL        j
  D:003CH         SYMBOL        voltage
  D:0040H         SYMBOL        voltage_AD_avg
  D:0042H         SYMBOL        voltage_std_AD
  -------         ENDDO         
  C:19C8H         LINE#         134
  C:19C8H         LINE#         135
  C:19D1H         LINE#         136
  C:19D9H         LINE#         137
  C:19DDH         LINE#         138
  C:19E1H         LINE#         139
  C:19E1H         LINE#         140
  C:19E1H         LINE#         141
  C:19EAH         LINE#         142
  C:19F1H         LINE#         143
  C:19FDH         LINE#         144
  C:1A06H         LINE#         145
  C:1A15H         LINE#         147
  C:1A42H         LINE#         148
  C:1A42H         LINE#         149
  -------         ENDPROC       VOLTAGE_MEASURE
  -------         PROC          VOLTAGE_MEASURE2_5V_AD
  -------         DO            
  D:003AH         SYMBOL        i
  D:0082H         SYMBOL        j
  D:003CH         SYMBOL        voltage
  D:0040H         SYMBOL        voltage_AD_avg
  D:0042H         SYMBOL        voltage_std_AD
  -------         ENDDO         
  C:1BDAH         LINE#         151
  C:1BDAH         LINE#         152
  C:1BE3H         LINE#         153
  C:1BEBH         LINE#         154
  C:1BEFH         LINE#         155
  C:1BF3H         LINE#         156
  C:1BF3H         LINE#         157
  C:1BF3H         LINE#         158
  C:1BFCH         LINE#         159
  C:1C03H         LINE#         160
  C:1C0FH         LINE#         161
  C:1C18H         LINE#         162
  C:1C27H         LINE#         165
  C:1C2FH         LINE#         166
  -------         ENDPROC       VOLTAGE_MEASURE2_5V_AD
  -------         PROC          TEMP_MEASURE
  -------         DO            
  D:003AH         SYMBOL        i
BL51 BANKED LINKER/LOCATER V6.22                                                      06/21/2018  04:58:26  PAGE 8


  D:0082H         SYMBOL        j
  D:003CH         SYMBOL        voltage_AD
  D:003EH         SYMBOL        voltage_AD_avg
  D:0042H         SYMBOL        voltage
  D:0046H         SYMBOL        resistance
  D:004AH         SYMBOL        temperature
  -------         ENDDO         
  C:1354H         LINE#         173
  C:1354H         LINE#         174
  C:135DH         LINE#         175
  C:1361H         LINE#         176
  C:1369H         LINE#         177
  C:1371H         LINE#         178
  C:1379H         LINE#         179
  C:1381H         LINE#         181
  C:1381H         LINE#         182
  C:1381H         LINE#         183
  C:138AH         LINE#         184
  C:1391H         LINE#         185
  C:13AAH         LINE#         186
  C:13B3H         LINE#         188
  C:13CCH         LINE#         189
  C:13E0H         LINE#         190
  C:13E5H         LINE#         192
  C:13E8H         LINE#         193
  C:143FH         LINE#         194
  C:1444H         LINE#         195
  C:1444H         LINE#         196
  C:149AH         LINE#         197
  C:149AH         LINE#         198
  C:154CH         LINE#         199
  C:154CH         LINE#         200
  C:154CH         LINE#         201
  C:155DH         LINE#         202
  C:1565H         LINE#         203
  -------         ENDPROC       TEMP_MEASURE
  -------         PROC          _TEMP_MEASURE_PT100
  D:003AH         SYMBOL        voltage_std_ad
  -------         DO            
  D:003CH         SYMBOL        i
  D:0082H         SYMBOL        j
  D:003EH         SYMBOL        voltage_AD
  D:0040H         SYMBOL        voltage_AD_avg
  D:0044H         SYMBOL        voltage
  D:0048H         SYMBOL        temperature
  D:004CH         SYMBOL        resistance
  -------         ENDDO         
  C:10FAH         LINE#         210
  C:10FEH         LINE#         211
  C:1107H         LINE#         212
  C:110BH         LINE#         213
  C:1113H         LINE#         214
  C:111BH         LINE#         215
  C:1123H         LINE#         216
  C:112BH         LINE#         217
  C:112BH         LINE#         218
  C:112BH         LINE#         219
BL51 BANKED LINKER/LOCATER V6.22                                                      06/21/2018  04:58:26  PAGE 9


  C:1134H         LINE#         220
  C:113BH         LINE#         221
  C:1154H         LINE#         222
  C:115DH         LINE#         224
  C:1176H         LINE#         225
  C:118AH         LINE#         226
  C:118FH         LINE#         228
  C:1192H         LINE#         229
  C:11D3H         LINE#         231
  C:11D6H         LINE#         232
  C:11DBH         LINE#         233
  C:11DBH         LINE#         234
  C:122DH         LINE#         235
  C:122DH         LINE#         236
  C:1335H         LINE#         237
  C:1338H         LINE#         238
  C:133AH         LINE#         239
  C:133AH         LINE#         240
  C:133AH         LINE#         241
  C:134BH         LINE#         242
  C:1353H         LINE#         246
  -------         ENDPROC       _TEMP_MEASURE_PT100
  -------         PROC          L?0197
  -------         ENDPROC       L?0197
  -------         PROC          _LED_TRANSLATE
  D:003AH         SYMBOL        dat
  -------         DO            
  D:003EH         SYMBOL        data1
  -------         ENDDO         
  C:0E0DH         LINE#         253
  C:0E15H         LINE#         254
  C:0E15H         LINE#         255
  C:0E1AH         LINE#         257
  C:0E49H         LINE#         258
  C:0E49H         LINE#         259
  C:0E62H         LINE#         260
  C:0E74H         LINE#         261
  C:0E77H         LINE#         262
  C:0E89H         LINE#         263
  C:0E8CH         LINE#         264
  C:0E97H         LINE#         265
  C:0EB2H         LINE#         266
  C:0ED6H         LINE#         267
  C:0ED6H         LINE#         268
  C:0ED9H         LINE#         269
  C:0F09H         LINE#         270
  C:0F09H         LINE#         271
  C:0F22H         LINE#         272
  C:0F34H         LINE#         273
  C:0F37H         LINE#         274
  C:0F49H         LINE#         275
  C:0F4CH         LINE#         276
  C:0F57H         LINE#         277
  C:0F70H         LINE#         278
  C:0F96H         LINE#         279
  C:0F96H         LINE#         280
  C:0F99H         LINE#         281
BL51 BANKED LINKER/LOCATER V6.22                                                      06/21/2018  04:58:26  PAGE 10


  C:0FC7H         LINE#         282
  C:0FC7H         LINE#         283
  C:0FE0H         LINE#         284
  C:0FF5H         LINE#         285
  C:101BH         LINE#         286
  C:1043H         LINE#         287
  C:104BH         LINE#         288
  C:104EH         LINE#         289
  C:1065H         LINE#         290
  C:1065H         LINE#         291
  C:1089H         LINE#         292
  C:10AFH         LINE#         293
  C:10E0H         LINE#         294
  C:10F9H         LINE#         295
  C:10F9H         LINE#         296
  -------         ENDPROC       _LED_TRANSLATE
  -------         PROC          L?0198
  -------         ENDPROC       L?0198
  -------         PROC          _STR_TRANSLATE
  D:003AH         SYMBOL        dat
  -------         DO            
  D:003EH         SYMBOL        data1
  -------         ENDDO         
  C:0AFDH         LINE#         302
  C:0B05H         LINE#         303
  C:0B05H         LINE#         304
  C:0B0AH         LINE#         305
  C:0B0DH         LINE#         306
  C:0B10H         LINE#         307
  C:0B13H         LINE#         308
  C:0B16H         LINE#         309
  C:0B19H         LINE#         310
  C:0B1CH         LINE#         311
  C:0B4BH         LINE#         312
  C:0B4BH         LINE#         313
  C:0B64H         LINE#         314
  C:0B76H         LINE#         315
  C:0B79H         LINE#         316
  C:0B8BH         LINE#         317
  C:0B8EH         LINE#         318
  C:0B99H         LINE#         319
  C:0BB2H         LINE#         320
  C:0BB5H         LINE#         321
  C:0BDBH         LINE#         322
  C:0BDBH         LINE#         323
  C:0BDEH         LINE#         324
  C:0C0EH         LINE#         325
  C:0C0EH         LINE#         326
  C:0C27H         LINE#         327
  C:0C39H         LINE#         328
  C:0C3CH         LINE#         329
  C:0C4EH         LINE#         330
  C:0C51H         LINE#         331
  C:0C5CH         LINE#         332
  C:0C75H         LINE#         333
  C:0C9BH         LINE#         334
  C:0C9EH         LINE#         335
BL51 BANKED LINKER/LOCATER V6.22                                                      06/21/2018  04:58:26  PAGE 11


  C:0C9EH         LINE#         336
  C:0CA1H         LINE#         337
  C:0CCFH         LINE#         338
  C:0CCFH         LINE#         339
  C:0CE8H         LINE#         340
  C:0CFDH         LINE#         341
  C:0D16H         LINE#         342
  C:0D3CH         LINE#         343
  C:0D3FH         LINE#         344
  C:0D58H         LINE#         345
  C:0D59H         LINE#         346
  C:0D70H         LINE#         347
  C:0D70H         LINE#         348
  C:0D94H         LINE#         349
  C:0DBAH         LINE#         350
  C:0DEBH         LINE#         351
  C:0E04H         LINE#         352
  C:0E04H         LINE#         353
  -------         ENDPROC       _STR_TRANSLATE
  -------         PROC          LED_CLEAN
  -------         DO            
  D:0006H         SYMBOL        ii
  -------         ENDDO         
  C:1D26H         LINE#         360
  C:1D26H         LINE#         361
  C:1D29H         LINE#         362
  C:1D2CH         LINE#         363
  C:1D2FH         LINE#         364
  C:1D32H         LINE#         365
  C:1D35H         LINE#         366
  C:1D35H         LINE#         367
  C:1D35H         LINE#         368
  C:1D38H         LINE#         369
  C:1D3FH         LINE#         370
  C:1D5AH         LINE#         371
  -------         ENDPROC       LED_CLEAN
  -------         PROC          KEY_SCAN
  C:1A43H         LINE#         377
  C:1A43H         LINE#         378
  C:1A43H         LINE#         379
  C:1A47H         LINE#         380
  C:1A47H         LINE#         381
  C:1A4AH         LINE#         382
  C:1A4DH         LINE#         383
  C:1A50H         LINE#         384
  C:1A53H         LINE#         385
  C:1A56H         LINE#         386
  C:1A59H         LINE#         387
  C:1A5BH         LINE#         389
  C:1A5BH         LINE#         390
  C:1A5DH         LINE#         391
  C:1A63H         LINE#         392
  C:1A63H         LINE#         393
  C:1A65H         LINE#         394
  C:1A6AH         LINE#         395
  C:1A6DH         LINE#         396
  C:1A70H         LINE#         397
BL51 BANKED LINKER/LOCATER V6.22                                                      06/21/2018  04:58:26  PAGE 12


  C:1A75H         LINE#         398
  C:1A78H         LINE#         399
  C:1A7BH         LINE#         400
  C:1A80H         LINE#         401
  C:1A83H         LINE#         402
  C:1A86H         LINE#         403
  C:1A89H         LINE#         404
  C:1A89H         LINE#         406
  C:1A89H         LINE#         407
  C:1A8EH         LINE#         408
  C:1A91H         LINE#         409
  C:1A97H         LINE#         410
  C:1A9CH         LINE#         411
  C:1A9FH         LINE#         412
  C:1AA5H         LINE#         413
  C:1AAAH         LINE#         414
  C:1AADH         LINE#         415
  C:1AB3H         LINE#         416
  -------         ENDPROC       KEY_SCAN
  -------         PROC          TIMER0INIT
  C:000EH         LINE#         423
  C:000EH         LINE#         424
  C:000EH         LINE#         425
  C:0011H         LINE#         426
  C:0014H         LINE#         428
  C:0017H         LINE#         429
  C:001AH         LINE#         430
  C:001CH         LINE#         431
  C:001EH         LINE#         432
  -------         ENDPROC       TIMER0INIT
  -------         PROC          INPUT2_ISR
  C:1CB0H         LINE#         439
  C:1CC1H         LINE#         441
  C:1CC8H         LINE#         442
  C:1CCBH         LINE#         443
  C:1CCBH         LINE#         444
  C:1CCFH         LINE#         445
  C:1CD4H         LINE#         446
  C:1CD9H         LINE#         447
  C:1CDCH         LINE#         448
  C:1CDCH         LINE#         449
  -------         ENDPROC       INPUT2_ISR
  -------         PROC          TIME0
  C:1C74H         LINE#         457
  C:1C7FH         LINE#         459
  C:1C86H         LINE#         460
  C:1C89H         LINE#         461
  C:1C89H         LINE#         462
  C:1C8CH         LINE#         463
  C:1C94H         LINE#         464
  C:1CA4H         LINE#         466
  C:1CA7H         LINE#         467
  -------         ENDPROC       TIME0
  -------         PROC          MOOD_CHOOSE_WORK
  C:1746H         LINE#         473
  C:1746H         LINE#         474
  C:1746H         LINE#         475
BL51 BANKED LINKER/LOCATER V6.22                                                      06/21/2018  04:58:26  PAGE 13


  C:174AH         LINE#         476
  C:174AH         LINE#         478
  C:174DH         LINE#         479
  C:1750H         LINE#         480
  C:1753H         LINE#         482
  C:1759H         LINE#         483
  C:1759H         LINE#         484
  C:1785H         LINE#         485
  C:1785H         LINE#         486
  C:179CH         LINE#         487
  C:179EH         LINE#         488
  C:17A0H         LINE#         489
  C:17B5H         LINE#         490
  C:17B7H         LINE#         491
  C:17B9H         LINE#         492
  C:17BBH         LINE#         498
  C:17C1H         LINE#         499
  C:17C1H         LINE#         500
  C:17C3H         LINE#         501
  C:17C5H         LINE#         502
  C:17C5H         LINE#         503
  C:17C5H         LINE#         504
  C:17CAH         LINE#         505
  C:17CAH         LINE#         506
  C:17CCH         LINE#         507
  C:17CEH         LINE#         508
  C:17D9H         LINE#         509
  C:17DCH         LINE#         510
  C:17E7H         LINE#         511
  C:17E7H         LINE#         512
  C:17EDH         LINE#         513
  C:17EDH         LINE#         514
  C:17EFH         LINE#         515
  C:17F1H         LINE#         516
  C:17FBH         LINE#         517
  C:17FEH         LINE#         518
  C:1801H         LINE#         519
  C:1804H         LINE#         520
  C:1804H         LINE#         522
  -------         ENDPROC       MOOD_CHOOSE_WORK
  -------         PROC          SLEEP_CHECK
  C:1CEBH         LINE#         529
  C:1CEBH         LINE#         530
  C:1CEBH         LINE#         531
  C:1CF7H         LINE#         532
  C:1CF7H         LINE#         533
  C:1CFCH         LINE#         534
  C:1D01H         LINE#         535
  C:1D04H         LINE#         536
  C:1D17H         LINE#         537
  C:1D1AH         LINE#         538
  C:1D1DH         LINE#         539
  C:1D25H         LINE#         540
  C:1D25H         LINE#         541
  -------         ENDPROC       SLEEP_CHECK
  -------         PROC          KEY_CHECK
  C:1D81H         LINE#         548
BL51 BANKED LINKER/LOCATER V6.22                                                      06/21/2018  04:58:26  PAGE 14


  C:1D81H         LINE#         549
  C:1D81H         LINE#         550
  C:1D81H         LINE#         551
  C:1D81H         LINE#         552
  C:1D86H         LINE#         553
  C:1D8FH         LINE#         554
  C:1D93H         LINE#         555
  C:1D96H         LINE#         556
  C:1D96H         LINE#         557
  C:1D96H         LINE#         558
  C:1D96H         LINE#         559
  C:1D99H         LINE#         560
  -------         ENDPROC       KEY_CHECK
  -------         PROC          KEY_CHECK_SETNUM
  C:194AH         LINE#         566
  C:194AH         LINE#         567
  C:194AH         LINE#         568
  C:1953H         LINE#         569
  C:1953H         LINE#         570
  C:1958H         LINE#         571
  C:1963H         LINE#         572
  C:1966H         LINE#         574
  C:1968H         LINE#         575
  C:196DH         LINE#         576
  C:196DH         LINE#         577
  C:1978H         LINE#         578
  C:197BH         LINE#         580
  C:197DH         LINE#         581
  C:197DH         LINE#         582
  C:197DH         LINE#         584
  C:1983H         LINE#         585
  C:1983H         LINE#         586
  C:1988H         LINE#         587
  C:198DH         LINE#         588
  C:1992H         LINE#         589
  C:1996H         LINE#         590
  C:1999H         LINE#         591
  C:199EH         LINE#         592
  C:19A3H         LINE#         593
  C:19A8H         LINE#         594
  C:19ACH         LINE#         595
  C:19AFH         LINE#         596
  C:19AFH         LINE#         597
  C:19B4H         LINE#         598
  C:19B4H         LINE#         599
  C:19BDH         LINE#         600
  C:19C1H         LINE#         602
  C:19C4H         LINE#         603
  C:19C4H         LINE#         604
  C:19C7H         LINE#         605
  -------         ENDPROC       KEY_CHECK_SETNUM
  -------         PROC          SET_NUM_CALCULATE
  -------         DO            
  D:0004H         SYMBOL        numresult
  -------         ENDDO         
  C:1B7EH         LINE#         611
  C:1B7EH         LINE#         612
BL51 BANKED LINKER/LOCATER V6.22                                                      06/21/2018  04:58:26  PAGE 15


  C:1B7EH         LINE#         613
  C:1B84H         LINE#         614
  C:1BD1H         LINE#         615
  C:1BD6H         LINE#         616
  C:1BD9H         LINE#         617
  C:1BD9H         LINE#         618
  -------         ENDPROC       SET_NUM_CALCULATE
  -------         PROC          TURN_CHECK
  C:1566H         LINE#         625
  C:1566H         LINE#         626
  C:1566H         LINE#         627
  C:1572H         LINE#         628
  C:1574H         LINE#         629
  C:1576H         LINE#         630
  C:1579H         LINE#         631
  C:1580H         LINE#         632
  C:1580H         LINE#         633
  C:1583H         LINE#         634
  C:15B2H         LINE#         635
  C:15B2H         LINE#         636
  C:15CBH         LINE#         637
  C:15DDH         LINE#         638
  C:15E0H         LINE#         639
  C:15F2H         LINE#         640
  C:15F5H         LINE#         641
  C:1600H         LINE#         642
  C:160DH         LINE#         643
  C:1627H         LINE#         644
  C:1634H         LINE#         645
  C:1634H         LINE#         646
  C:1634H         LINE#         647
  C:1637H         LINE#         648
  C:1642H         LINE#         649
  C:1645H         LINE#         650
  C:1648H         LINE#         651
  C:164BH         LINE#         652
  C:164EH         LINE#         654
  C:165AH         LINE#         655
  C:165AH         LINE#         656
  C:165CH         LINE#         657
  C:165EH         LINE#         658
  C:1661H         LINE#         659
  C:1668H         LINE#         660
  C:1668H         LINE#         661
  C:166BH         LINE#         662
  C:169AH         LINE#         663
  C:169AH         LINE#         664
  C:16B3H         LINE#         665
  C:16C5H         LINE#         666
  C:16C8H         LINE#         667
  C:16DAH         LINE#         668
  C:16DDH         LINE#         669
  C:16E8H         LINE#         670
  C:16F5H         LINE#         671
  C:170FH         LINE#         672
  C:171CH         LINE#         673
  C:171CH         LINE#         674
BL51 BANKED LINKER/LOCATER V6.22                                                      06/21/2018  04:58:26  PAGE 16


  C:171CH         LINE#         675
  C:171FH         LINE#         676
  C:172AH         LINE#         677
  C:172DH         LINE#         678
  C:1730H         LINE#         679
  C:1733H         LINE#         680
  C:1736H         LINE#         681
  C:1739H         LINE#         682
  C:173CH         LINE#         683
  C:173CH         LINE#         684
  C:173FH         LINE#         685
  C:1740H         LINE#         687
  C:1740H         LINE#         688
  C:1743H         LINE#         689
  C:1745H         LINE#         690
  C:1745H         LINE#         702
  -------         ENDPROC       TURN_CHECK
  -------         PROC          UARTINIT
  C:1D9AH         LINE#         708
  C:1D9AH         LINE#         709
  C:1D9AH         LINE#         710
  C:1D9DH         LINE#         711
  C:1DA0H         LINE#         712
  C:1DA3H         LINE#         713
  C:1DA6H         LINE#         714
  C:1DA9H         LINE#         715
  C:1DACH         LINE#         716
  C:1DAEH         LINE#         717
  C:1DB0H         LINE#         718
  -------         ENDPROC       UARTINIT
  -------         PROC          UART1_ISR
  C:1AB4H         LINE#         724
  C:1AC5H         LINE#         726
  C:1AC8H         LINE#         727
  C:1AC8H         LINE#         728
  C:1ACBH         LINE#         729
  C:1AD2H         LINE#         730
  C:1AD5H         LINE#         731
  C:1ADCH         LINE#         732
  C:1ADFH         LINE#         733
  C:1AE6H         LINE#         734
  C:1AE9H         LINE#         735
  C:1AF0H         LINE#         736
  C:1AF3H         LINE#         737
  C:1AFAH         LINE#         738
  C:1AFDH         LINE#         739
  C:1B04H         LINE#         741
  C:1B06H         LINE#         742
  C:1B08H         LINE#         744
  C:1B0AH         LINE#         745
  -------         ENDPROC       UART1_ISR
  -------         PROC          MAIN
  C:1805H         LINE#         746
  C:1805H         LINE#         747
  C:1805H         LINE#         748
  C:1808H         LINE#         749
  C:180BH         LINE#         750
BL51 BANKED LINKER/LOCATER V6.22                                                      06/21/2018  04:58:26  PAGE 17


  C:180EH         LINE#         751
  C:1810H         LINE#         752
  C:1813H         LINE#         753
  C:1815H         LINE#         754
  C:1818H         LINE#         755
  C:181AH         LINE#         756
  C:181DH         LINE#         757
  C:1820H         LINE#         758
  C:1826H         LINE#         759
  C:182EH         LINE#         761
  C:1834H         LINE#         762
  C:183BH         LINE#         763
  C:1842H         LINE#         764
  C:1849H         LINE#         766
  C:1850H         LINE#         769
  C:1850H         LINE#         770
  C:1850H         LINE#         771
  C:1853H         LINE#         772
  C:1856H         LINE#         773
  C:1859H         LINE#         774
  C:185CH         LINE#         775
  C:1871H         LINE#         776
  C:1874H         LINE#         777
  C:1879H         LINE#         778
  C:1879H         LINE#         779
  C:187CH         LINE#         780
  C:187FH         LINE#         781
  C:1882H         LINE#         782
  C:1889H         LINE#         783
  C:1889H         LINE#         784
  C:188EH         LINE#         785
  C:188EH         LINE#         786
  C:1891H         LINE#         787
  C:1894H         LINE#         788
  C:1897H         LINE#         789
  C:189EH         LINE#         790
  C:189EH         LINE#         791
  C:18A3H         LINE#         792
  C:18A3H         LINE#         793
  C:18A6H         LINE#         794
  C:18A9H         LINE#         795
  C:18ACH         LINE#         796
  C:18B3H         LINE#         797
  C:18B6H         LINE#         798
  C:18B6H         LINE#         799
  C:18B9H         LINE#         800
  C:18BCH         LINE#         801
  -------         ENDPROC       MAIN
  -------         ENDMOD        MAIN

  -------         MODULE        ?C?FPADD
  C:005DH         PUBLIC        ?C?FPADD
  C:0059H         PUBLIC        ?C?FPSUB
  -------         ENDMOD        ?C?FPADD

  -------         MODULE        ?C?FPMUL
  C:014EH         PUBLIC        ?C?FPMUL
BL51 BANKED LINKER/LOCATER V6.22                                                      06/21/2018  04:58:26  PAGE 18


  -------         ENDMOD        ?C?FPMUL

  -------         MODULE        ?C?FPDIV
  C:0257H         PUBLIC        ?C?FPDIV
  -------         ENDMOD        ?C?FPDIV

  -------         MODULE        ?C?FPCMP
  C:02F6H         PUBLIC        ?C?FPCMP
  C:02F4H         PUBLIC        ?C?FPCMP3
  -------         ENDMOD        ?C?FPCMP

  -------         MODULE        ?C?FPNEG
  C:036DH         PUBLIC        ?C?FPNEG
  -------         ENDMOD        ?C?FPNEG

  -------         MODULE        ?C?FCAST
  C:0388H         PUBLIC        ?C?FCASTC
  C:0383H         PUBLIC        ?C?FCASTI
  C:037EH         PUBLIC        ?C?FCASTL
  -------         ENDMOD        ?C?FCAST

  -------         MODULE        ?C?CASTF
  C:03BCH         PUBLIC        ?C?CASTF
  -------         ENDMOD        ?C?CASTF

  -------         MODULE        ?C?SIDIV
  C:043DH         PUBLIC        ?C?SIDIV
  -------         ENDMOD        ?C?SIDIV

  -------         MODULE        ?C?SLDIV
  C:1C30H         PUBLIC        ?C?SLDIV
  -------         ENDMOD        ?C?SLDIV

  -------         MODULE        ?C?LNEG
  C:0473H         PUBLIC        ?C?LNEG
  -------         ENDMOD        ?C?LNEG

  -------         MODULE        ?C?SLCMP
  C:0481H         PUBLIC        ?C?SLCMP
  -------         ENDMOD        ?C?SLCMP

  -------         MODULE        ?C?LLDCODE
  C:0497H         PUBLIC        ?C?LLDCODE
  -------         ENDMOD        ?C?LLDCODE

  -------         MODULE        ?C?LLDCODE0
  C:04A7H         PUBLIC        ?C?LLDCODE0
  -------         ENDMOD        ?C?LLDCODE0

  -------         MODULE        ?C?UIDIV
  C:04B7H         PUBLIC        ?C?UIDIV
  -------         ENDMOD        ?C?UIDIV

  -------         MODULE        ?C?ULDIV
  C:0548H         PUBLIC        ?C?ULDIV
  -------         ENDMOD        ?C?ULDIV

BL51 BANKED LINKER/LOCATER V6.22                                                      06/21/2018  04:58:26  PAGE 19


Program Size: data=81.0 xdata=0 code=7600
LINK/LOCATE RUN COMPLETE.  0 WARNING(S),  0 ERROR(S)
