BL51 BANKED LINKER/LOCATER V6.22                                                        06/15/2018  03:20:22  PAGE 1


BL51 BANKED LINKER/LOCATER V6.22, INVOKED BY:
C:\KEIL4FOR51\C51\BIN\BL51.EXE STARTUP.obj, main.obj TO NTCsensor RAMSIZE (256)


MEMORY MODEL: SMALL WITH FLOATING POINT ARITHMETIC


INPUT MODULES INCLUDED:
  STARTUP.obj (?C_STARTUP)
  main.obj (MAIN)
  C:\KEIL4FOR51\C51\LIB\C51FPS.LIB (?C?FPADD)
  C:\KEIL4FOR51\C51\LIB\C51FPS.LIB (?C?FPMUL)
  C:\KEIL4FOR51\C51\LIB\C51FPS.LIB (?C?FPDIV)
  C:\KEIL4FOR51\C51\LIB\C51FPS.LIB (?C?FPCMP)
  C:\KEIL4FOR51\C51\LIB\C51FPS.LIB (?C?FPNEG)
  C:\KEIL4FOR51\C51\LIB\C51FPS.LIB (?C?FCAST)
  C:\KEIL4FOR51\C51\LIB\C51FPS.LIB (?C?CASTF)
  C:\KEIL4FOR51\C51\LIB\C51FPS.LIB (?C?FPGETOPN)
  C:\KEIL4FOR51\C51\LIB\C51S.LIB (?C_INIT)
  C:\KEIL4FOR51\C51\LIB\C51S.LIB (?C?SIDIV)
  C:\KEIL4FOR51\C51\LIB\C51S.LIB (?C?SLDIV)
  C:\KEIL4FOR51\C51\LIB\C51S.LIB (?C?LNEG)
  C:\KEIL4FOR51\C51\LIB\C51S.LIB (?C?SLCMP)
  C:\KEIL4FOR51\C51\LIB\C51S.LIB (?C?LLDCODE)
  C:\KEIL4FOR51\C51\LIB\C51S.LIB (?C?LLDCODE0)
  C:\KEIL4FOR51\C51\LIB\C51S.LIB (?C?UIDIV)
  C:\KEIL4FOR51\C51\LIB\C51S.LIB (?C?ULDIV)


LINK MAP OF MODULE:  NTCsensor (?C_STARTUP)


            TYPE    BASE      LENGTH    RELOCATION   SEGMENT NAME
            -----------------------------------------------------

            * * * * * * *   D A T A   M E M O R Y   * * * * * * *
            REG     0000H     0008H     ABSOLUTE     "REG BANK 0"
            DATA    0008H     002FH     UNIT         ?DT?MAIN
            DATA    0037H     0014H     UNIT         _DATA_GROUP_
            IDATA   004BH     0001H     UNIT         ?STACK

            * * * * * * *   C O D E   M E M O R Y   * * * * * * *
            CODE    0000H     0003H     ABSOLUTE     
                    0003H     0008H                  *** GAP ***
            CODE    000BH     0003H     ABSOLUTE     
            CODE    000EH     0011H     UNIT         ?PR?TIMER0INIT?MAIN
                    001FH     0004H                  *** GAP ***
            CODE    0023H     0003H     ABSOLUTE     
            CODE    0026H     0029H     UNIT         ?PR?_DELAY_MS?MAIN
                    004FH     0004H                  *** GAP ***
            CODE    0053H     0003H     ABSOLUTE     
            CODE    0056H     0584H     UNIT         ?C?LIB_CODE
            CODE    05DAH     04ABH     UNIT         ?CO?MAIN
            CODE    0A85H     0308H     UNIT         ?PR?_STR_TRANSLATE?MAIN
            CODE    0D8DH     02DDH     UNIT         ?PR?_LED_TRANSLATE?MAIN
            CODE    106AH     0212H     UNIT         ?PR?TEMP_MEASURE?MAIN
            CODE    127CH     01E0H     UNIT         ?PR?TURN_CHECK?MAIN
            CODE    145CH     00AFH     UNIT         ?PR?MOOD_CHOOSE_WORK?MAIN
BL51 BANKED LINKER/LOCATER V6.22                                                      06/15/2018  03:20:22  PAGE 2


            CODE    150BH     00A1H     UNIT         ?PR?MAIN?MAIN
            CODE    15ACH     008CH     UNIT         ?C_C51STARTUP
            CODE    1638H     007EH     UNIT         ?PR?KEY_CHECK_SETNUM?MAIN
            CODE    16B6H     0071H     UNIT         ?PR?KEY_SCAN?MAIN
            CODE    1727H     0065H     UNIT         ?PR?UART1_ISR?MAIN
            CODE    178CH     005EH     UNIT         ?C_INITSEG
            CODE    17EAH     005CH     UNIT         ?PR?SET_NUM_CALCULATE?MAIN
            CODE    1846H     0044H     UNIT         ?C?LDIV
            CODE    188AH     003CH     UNIT         ?PR?TIME0?MAIN
            CODE    18C6H     003BH     UNIT         ?PR?INPUT2_ISR?MAIN
            CODE    1901H     003BH     UNIT         ?PR?SLEEP_CHECK?MAIN
            CODE    193CH     0035H     UNIT         ?PR?LED_CLEAN?MAIN
            CODE    1971H     0030H     UNIT         ?PR?VOLTAGE_MEASURE?MAIN
            CODE    19A1H     0026H     UNIT         ?PR?_GET_AD?MAIN
            CODE    19C7H     001AH     UNIT         ?PR?KEY_CHECK?MAIN
            CODE    19E1H     0017H     UNIT         ?PR?UARTINIT?MAIN
            CODE    19F8H     000DH     UNIT         ?PR?INIT_ADC?MAIN



OVERLAY MAP OF MODULE:   NTCsensor (?C_STARTUP)


SEGMENT                              DATA_GROUP 
  +--> CALLED SEGMENT              START    LENGTH
--------------------------------------------------
?C_C51STARTUP                      -----    -----
  +--> ?PR?MAIN?MAIN
  +--> ?C_INITSEG

?PR?MAIN?MAIN                      -----    -----
  +--> ?PR?INIT_ADC?MAIN
  +--> ?PR?UARTINIT?MAIN
  +--> ?PR?TIMER0INIT?MAIN
  +--> ?CO?MAIN
  +--> ?PR?_DELAY_MS?MAIN
  +--> ?PR?TURN_CHECK?MAIN
  +--> ?PR?SLEEP_CHECK?MAIN
  +--> ?PR?KEY_CHECK?MAIN
  +--> ?PR?MOOD_CHOOSE_WORK?MAIN

?PR?TURN_CHECK?MAIN                -----    -----
  +--> ?PR?KEY_CHECK_SETNUM?MAIN
  +--> ?PR?SET_NUM_CALCULATE?MAIN
  +--> ?PR?_LED_TRANSLATE?MAIN

?PR?_LED_TRANSLATE?MAIN            0037H    0006H
  +--> ?CO?MAIN

?PR?SLEEP_CHECK?MAIN               -----    -----
  +--> ?PR?LED_CLEAN?MAIN
  +--> ?PR?_DELAY_MS?MAIN

?PR?MOOD_CHOOSE_WORK?MAIN          -----    -----
  +--> ?PR?TEMP_MEASURE?MAIN
  +--> ?PR?_LED_TRANSLATE?MAIN
  +--> ?PR?_STR_TRANSLATE?MAIN
BL51 BANKED LINKER/LOCATER V6.22                                                      06/15/2018  03:20:22  PAGE 3


  +--> ?PR?VOLTAGE_MEASURE?MAIN

?PR?TEMP_MEASURE?MAIN              0037H    0014H
  +--> ?PR?_GET_AD?MAIN
  +--> ?PR?_DELAY_MS?MAIN
  +--> ?CO?MAIN

?PR?_STR_TRANSLATE?MAIN            0037H    0006H
  +--> ?CO?MAIN

?PR?VOLTAGE_MEASURE?MAIN           -----    -----
  +--> ?PR?_GET_AD?MAIN

*** NEW ROOT ***************************************************

?PR?INPUT2_ISR?MAIN                -----    -----
  +--> ?PR?_DELAY_MS?MAIN

*** NEW ROOT ***************************************************

?PR?TIME0?MAIN                     -----    -----
  +--> ?PR?KEY_SCAN?MAIN

*** NEW ROOT ***************************************************

?PR?UART1_ISR?MAIN                 -----    -----
  +--> ?PR?_DELAY_MS?MAIN



SYMBOL TABLE OF MODULE:  NTCsensor (?C_STARTUP)

  VALUE           TYPE          NAME
  ----------------------------------

  -------         MODULE        ?C_STARTUP
  C:15ACH         SEGMENT       ?C_C51STARTUP
  I:004BH         SEGMENT       ?STACK
  C:0000H         PUBLIC        ?C_STARTUP
  D:00E0H         SYMBOL        ACC
  D:00F0H         SYMBOL        B
  D:0083H         SYMBOL        DPH
  D:0082H         SYMBOL        DPL
  N:0000H         SYMBOL        IBPSTACK
  N:0100H         SYMBOL        IBPSTACKTOP
  N:0080H         SYMBOL        IDATALEN
  C:15AFH         SYMBOL        IDATALOOP
  N:0000H         SYMBOL        PBPSTACK
  N:0100H         SYMBOL        PBPSTACKTOP
  N:0000H         SYMBOL        PDATALEN
  N:0000H         SYMBOL        PDATASTART
  N:0000H         SYMBOL        PPAGE
  N:0000H         SYMBOL        PPAGEENABLE
  D:00A0H         SYMBOL        PPAGE_SFR
  D:0081H         SYMBOL        SP
  C:15ACH         SYMBOL        STARTUP1
  N:0000H         SYMBOL        XBPSTACK
BL51 BANKED LINKER/LOCATER V6.22                                                      06/15/2018  03:20:22  PAGE 4


  N:0000H         SYMBOL        XBPSTACKTOP
  N:0000H         SYMBOL        XDATALEN
  N:0000H         SYMBOL        XDATASTART
  C:0000H         LINE#         126
  C:15ACH         LINE#         133
  C:15AEH         LINE#         134
  C:15AFH         LINE#         135
  C:15B0H         LINE#         136
  C:15B2H         LINE#         185
  C:15B5H         LINE#         196
  -------         ENDMOD        ?C_STARTUP

  -------         MODULE        MAIN
  C:0000H         SYMBOL        _ICE_DUMMY_
  B:00A0H.4       PUBLIC        TURN4
  D:0080H         PUBLIC        P0
  D:0090H         PUBLIC        P1
  D:0008H         PUBLIC        signal
  D:00A0H         PUBLIC        P2
  D:00B0H         PUBLIC        P3
  D:00C0H         PUBLIC        P4
  D:00C8H         PUBLIC        P5
  D:0009H         PUBLIC        MAXMINtemp
  B:00A8H.7       PUBLIC        EA
  D:00E8H         PUBLIC        P6
  C:19A1H         PUBLIC        _Get_AD
  B:00C0H.2       PUBLIC        LED1
  D:00F8H         PUBLIC        P7
  B:00C0H.4       PUBLIC        LED2
  C:1971H         PUBLIC        Voltage_Measure
  D:00A8H         PUBLIC        IE
  C:0A85H         PUBLIC        _STR_Translate
  D:00BDH         PUBLIC        ADC_RES
  C:17EAH         PUBLIC        set_num_calculate
  D:000CH         PUBLIC        minmum
  B:00A8H.4       PUBLIC        ES
  D:0010H         PUBLIC        sleep_flag
  D:0011H         PUBLIC        maxmum
  D:00B8H         PUBLIC        IP
  B:00B0H.6       PUBLIC        KEY1
  B:0098H.0       PUBLIC        RI
  C:193CH         PUBLIC        LED_Clean
  B:00B0H.5       PUBLIC        KEY2
  C:05EAH         PUBLIC        Table1
  B:00B0H.4       PUBLIC        KEY3
  B:0098H.1       PUBLIC        TI
  D:0015H         PUBLIC        alarm_mood
  D:00D8H         PUBLIC        CCON
  C:150BH         PUBLIC        main
  C:19C7H         PUBLIC        key_check
  C:127CH         PUBLIC        turn_check
  C:1638H         PUBLIC        key_check_setnum
  D:0016H         PUBLIC        error
  D:0017H         PUBLIC        loca_count
  D:0018H         PUBLIC        mood
  D:00BCH         PUBLIC        ADC_CONTR
  D:0099H         PUBLIC        SBUF
BL51 BANKED LINKER/LOCATER V6.22                                                      06/15/2018  03:20:22  PAGE 5


  D:0087H         PUBLIC        PCON
  D:0019H         PUBLIC        VCC_measure
  D:0098H         PUBLIC        SCON
  C:19E1H         PUBLIC        UartInit
  C:18C6H         PUBLIC        input2_ISR
  D:0089H         PUBLIC        TMOD
  D:0088H         PUBLIC        TCON
  D:001DH         PUBLIC        key_final
  D:001EH         PUBLIC        temp_result
  C:145CH         PUBLIC        mood_choose_work
  C:1727H         PUBLIC        UART1_ISR
  C:19F8H         PUBLIC        Init_ADC
  D:008EH         PUBLIC        AUXR
  D:0022H         PUBLIC        Ledcount
  D:0023H         PUBLIC        Sendtemp
  D:0029H         PUBLIC        minmum1
  B:00A8H.1       PUBLIC        ET0
  D:002BH         PUBLIC        sleep_flag1
  D:002CH         PUBLIC        key
  D:002DH         PUBLIC        maxmum1
  B:0088H.5       PUBLIC        TF0
  B:00A8H.3       PUBLIC        ET1
  C:000EH         PUBLIC        Timer0Init
  D:008CH         PUBLIC        TH0
  D:002FH         PUBLIC        flag1
  D:008DH         PUBLIC        TH1
  C:106AH         PUBLIC        Temp_Measure
  D:008AH         PUBLIC        TL0
  D:008BH         PUBLIC        TL1
  C:16B6H         PUBLIC        key_scan
  B:0088H.4       PUBLIC        TR0
  B:0088H.6       PUBLIC        TR1
  D:00C1H         PUBLIC        WDT_CONTR
  D:0030H         PUBLIC        Showtemp
  D:009DH         PUBLIC        P1ASF
  D:0034H         PUBLIC        turn_start
  D:00BEH         PUBLIC        ADC_RESL
  C:188AH         PUBLIC        time0
  C:05F5H         PUBLIC        NTC
  C:0D8DH         PUBLIC        _LED_Translate
  C:05DAH         PUBLIC        Table
  C:0035H         PUBLIC        _Delay_MS
  D:0035H         PUBLIC        keystatus
  D:008FH         PUBLIC        INT_CLKO
  D:0036H         PUBLIC        keycount
  D:00D0H         PUBLIC        PSW
  B:00A0H.7       PUBLIC        TURN1
  B:00A0H.6       PUBLIC        TURN2
  C:1901H         PUBLIC        sleep_check
  B:00A0H.5       PUBLIC        TURN3
  D:0094H         PUBLIC        P0M0
  C:0031H         SYMBOL        L?0167
  -------         PROC          L?0166
  -------         ENDPROC       L?0166
  C:0031H         SYMBOL        L?0167
  -------         PROC          _DELAY_MS
  D:0006H         SYMBOL        ms
BL51 BANKED LINKER/LOCATER V6.22                                                      06/15/2018  03:20:22  PAGE 6


  -------         DO            
  D:0004H         SYMBOL        i
  D:0005H         SYMBOL        j
  -------         ENDDO         
  C:0035H         LINE#         78
  C:0035H         LINE#         79
  C:0035H         LINE#         81
  C:0036H         LINE#         82
  C:0040H         LINE#         83
  C:0040H         LINE#         84
  C:0044H         LINE#         85
  C:0048H         LINE#         86
  C:004EH         LINE#         87
  C:004EH         LINE#         88
  -------         ENDPROC       _DELAY_MS
  -------         PROC          INIT_ADC
  C:19F8H         LINE#         95
  C:19F8H         LINE#         96
  C:19F8H         LINE#         97
  C:19FBH         LINE#         98
  C:19FEH         LINE#         99
  C:1A01H         LINE#         100
  C:1A04H         LINE#         101
  -------         ENDPROC       INIT_ADC
  -------         PROC          _GET_AD
  D:0007H         SYMBOL        channel
  -------         DO            
  D:0006H         SYMBOL        result
  -------         ENDDO         
  C:19A1H         LINE#         108
  C:19A1H         LINE#         109
  C:19A1H         LINE#         111
  C:19A4H         LINE#         112
  C:19A6H         LINE#         113
  C:19ABH         LINE#         114
  C:19ADH         LINE#         115
  C:19AFH         LINE#         116
  C:19B4H         LINE#         117
  C:19B7H         LINE#         118
  C:19C6H         LINE#         119
  C:19C6H         LINE#         120
  -------         ENDPROC       _GET_AD
  -------         PROC          VOLTAGE_MEASURE
  -------         DO            
  D:0004H         SYMBOL        voltage
  D:0006H         SYMBOL        voltage_std_AD
  -------         ENDDO         
  C:1971H         LINE#         127
  C:1971H         LINE#         128
  C:1971H         LINE#         129
  C:1977H         LINE#         130
  C:1977H         LINE#         131
  C:197CH         LINE#         132
  C:19A0H         LINE#         133
  C:19A0H         LINE#         134
  -------         ENDPROC       VOLTAGE_MEASURE
  -------         PROC          TEMP_MEASURE
BL51 BANKED LINKER/LOCATER V6.22                                                      06/15/2018  03:20:22  PAGE 7


  -------         DO            
  D:0037H         SYMBOL        i
  D:0082H         SYMBOL        j
  D:0039H         SYMBOL        voltage_AD
  D:003BH         SYMBOL        voltage_AD_avg
  D:003FH         SYMBOL        voltage
  D:0043H         SYMBOL        resistance
  D:0047H         SYMBOL        temperature
  -------         ENDDO         
  C:106AH         LINE#         141
  C:106AH         LINE#         142
  C:1073H         LINE#         143
  C:1077H         LINE#         144
  C:107FH         LINE#         145
  C:1087H         LINE#         146
  C:108FH         LINE#         147
  C:1097H         LINE#         149
  C:1097H         LINE#         150
  C:1097H         LINE#         151
  C:10A0H         LINE#         152
  C:10A7H         LINE#         153
  C:10C0H         LINE#         154
  C:10C9H         LINE#         156
  C:10E2H         LINE#         157
  C:10F6H         LINE#         158
  C:10FBH         LINE#         160
  C:10FEH         LINE#         161
  C:1155H         LINE#         162
  C:115AH         LINE#         163
  C:115AH         LINE#         164
  C:11B0H         LINE#         165
  C:11B0H         LINE#         166
  C:1262H         LINE#         167
  C:1262H         LINE#         168
  C:1262H         LINE#         169
  C:1273H         LINE#         170
  C:127BH         LINE#         171
  -------         ENDPROC       TEMP_MEASURE
  -------         PROC          _LED_TRANSLATE
  D:0037H         SYMBOL        dat
  -------         DO            
  D:003BH         SYMBOL        data1
  -------         ENDDO         
  C:0D8DH         LINE#         178
  C:0D95H         LINE#         179
  C:0D95H         LINE#         180
  C:0D9AH         LINE#         182
  C:0DC9H         LINE#         183
  C:0DC9H         LINE#         184
  C:0DE2H         LINE#         185
  C:0DF4H         LINE#         186
  C:0DF7H         LINE#         187
  C:0E09H         LINE#         188
  C:0E0CH         LINE#         189
  C:0E17H         LINE#         190
  C:0E32H         LINE#         191
  C:0E56H         LINE#         192
BL51 BANKED LINKER/LOCATER V6.22                                                      06/15/2018  03:20:22  PAGE 8


  C:0E56H         LINE#         193
  C:0E59H         LINE#         194
  C:0E89H         LINE#         195
  C:0E89H         LINE#         196
  C:0EA2H         LINE#         197
  C:0EB4H         LINE#         198
  C:0EB7H         LINE#         199
  C:0EC9H         LINE#         200
  C:0ECCH         LINE#         201
  C:0ED7H         LINE#         202
  C:0EF0H         LINE#         203
  C:0F16H         LINE#         204
  C:0F16H         LINE#         205
  C:0F19H         LINE#         206
  C:0F44H         LINE#         207
  C:0F44H         LINE#         208
  C:0F5DH         LINE#         209
  C:0F72H         LINE#         210
  C:0F8BH         LINE#         211
  C:0FB3H         LINE#         212
  C:0FBBH         LINE#         213
  C:0FBEH         LINE#         214
  C:0FD5H         LINE#         215
  C:0FD5H         LINE#         216
  C:0FF9H         LINE#         217
  C:101FH         LINE#         218
  C:1050H         LINE#         219
  C:1069H         LINE#         220
  C:1069H         LINE#         221
  -------         ENDPROC       _LED_TRANSLATE
  -------         PROC          _STR_TRANSLATE
  D:0037H         SYMBOL        dat
  -------         DO            
  D:003BH         SYMBOL        data1
  -------         ENDDO         
  C:0A85H         LINE#         227
  C:0A8DH         LINE#         228
  C:0A8DH         LINE#         229
  C:0A92H         LINE#         230
  C:0A95H         LINE#         231
  C:0A98H         LINE#         232
  C:0A9BH         LINE#         233
  C:0A9EH         LINE#         234
  C:0AA1H         LINE#         235
  C:0AA4H         LINE#         236
  C:0AD3H         LINE#         237
  C:0AD3H         LINE#         238
  C:0AECH         LINE#         239
  C:0AFEH         LINE#         240
  C:0B01H         LINE#         241
  C:0B13H         LINE#         242
  C:0B16H         LINE#         243
  C:0B21H         LINE#         244
  C:0B3AH         LINE#         245
  C:0B3DH         LINE#         246
  C:0B63H         LINE#         247
  C:0B63H         LINE#         248
BL51 BANKED LINKER/LOCATER V6.22                                                      06/15/2018  03:20:22  PAGE 9


  C:0B66H         LINE#         249
  C:0B96H         LINE#         250
  C:0B96H         LINE#         251
  C:0BAFH         LINE#         252
  C:0BC1H         LINE#         253
  C:0BC4H         LINE#         254
  C:0BD6H         LINE#         255
  C:0BD9H         LINE#         256
  C:0BE4H         LINE#         257
  C:0BFDH         LINE#         258
  C:0C23H         LINE#         259
  C:0C26H         LINE#         260
  C:0C26H         LINE#         261
  C:0C29H         LINE#         262
  C:0C57H         LINE#         263
  C:0C57H         LINE#         264
  C:0C70H         LINE#         265
  C:0C85H         LINE#         266
  C:0C9EH         LINE#         267
  C:0CC4H         LINE#         268
  C:0CC7H         LINE#         269
  C:0CE0H         LINE#         270
  C:0CE1H         LINE#         271
  C:0CF8H         LINE#         272
  C:0CF8H         LINE#         273
  C:0D1CH         LINE#         274
  C:0D42H         LINE#         275
  C:0D73H         LINE#         276
  C:0D8CH         LINE#         277
  C:0D8CH         LINE#         278
  -------         ENDPROC       _STR_TRANSLATE
  -------         PROC          LED_CLEAN
  -------         DO            
  D:0006H         SYMBOL        ii
  -------         ENDDO         
  C:193CH         LINE#         285
  C:193CH         LINE#         286
  C:193FH         LINE#         287
  C:1942H         LINE#         288
  C:1945H         LINE#         289
  C:1948H         LINE#         290
  C:194BH         LINE#         291
  C:194BH         LINE#         292
  C:194BH         LINE#         293
  C:194EH         LINE#         294
  C:1955H         LINE#         295
  C:1970H         LINE#         296
  -------         ENDPROC       LED_CLEAN
  -------         PROC          KEY_SCAN
  C:16B6H         LINE#         302
  C:16B6H         LINE#         303
  C:16B6H         LINE#         304
  C:16BAH         LINE#         305
  C:16BAH         LINE#         306
  C:16BDH         LINE#         307
  C:16C0H         LINE#         308
  C:16C3H         LINE#         309
BL51 BANKED LINKER/LOCATER V6.22                                                      06/15/2018  03:20:22  PAGE 10


  C:16C6H         LINE#         310
  C:16C9H         LINE#         311
  C:16CCH         LINE#         312
  C:16CEH         LINE#         314
  C:16CEH         LINE#         315
  C:16D0H         LINE#         316
  C:16D6H         LINE#         317
  C:16D6H         LINE#         318
  C:16D8H         LINE#         319
  C:16DDH         LINE#         320
  C:16E0H         LINE#         321
  C:16E3H         LINE#         322
  C:16E8H         LINE#         323
  C:16EBH         LINE#         324
  C:16EEH         LINE#         325
  C:16F3H         LINE#         326
  C:16F6H         LINE#         327
  C:16F9H         LINE#         328
  C:16FCH         LINE#         329
  C:16FCH         LINE#         331
  C:16FCH         LINE#         332
  C:1701H         LINE#         333
  C:1704H         LINE#         334
  C:170AH         LINE#         335
  C:170FH         LINE#         336
  C:1712H         LINE#         337
  C:1718H         LINE#         338
  C:171DH         LINE#         339
  C:1720H         LINE#         340
  C:1726H         LINE#         341
  -------         ENDPROC       KEY_SCAN
  -------         PROC          TIMER0INIT
  C:000EH         LINE#         348
  C:000EH         LINE#         349
  C:000EH         LINE#         350
  C:0011H         LINE#         351
  C:0014H         LINE#         353
  C:0017H         LINE#         354
  C:001AH         LINE#         355
  C:001CH         LINE#         356
  C:001EH         LINE#         357
  -------         ENDPROC       TIMER0INIT
  -------         PROC          INPUT2_ISR
  C:18C6H         LINE#         364
  C:18D7H         LINE#         366
  C:18DEH         LINE#         367
  C:18E1H         LINE#         368
  C:18E1H         LINE#         369
  C:18E5H         LINE#         370
  C:18EAH         LINE#         371
  C:18EFH         LINE#         372
  C:18F2H         LINE#         373
  C:18F2H         LINE#         374
  -------         ENDPROC       INPUT2_ISR
  -------         PROC          TIME0
  C:188AH         LINE#         382
  C:1895H         LINE#         384
BL51 BANKED LINKER/LOCATER V6.22                                                      06/15/2018  03:20:22  PAGE 11


  C:189CH         LINE#         385
  C:189FH         LINE#         386
  C:189FH         LINE#         387
  C:18A2H         LINE#         388
  C:18AAH         LINE#         389
  C:18BAH         LINE#         391
  C:18BDH         LINE#         392
  -------         ENDPROC       TIME0
  -------         PROC          MOOD_CHOOSE_WORK
  C:145CH         LINE#         398
  C:145CH         LINE#         399
  C:145CH         LINE#         400
  C:1463H         LINE#         401
  C:1463H         LINE#         403
  C:146EH         LINE#         404
  C:1471H         LINE#         405
  C:147CH         LINE#         407
  C:1482H         LINE#         408
  C:1482H         LINE#         409
  C:14AEH         LINE#         410
  C:14AEH         LINE#         411
  C:14C5H         LINE#         412
  C:14C7H         LINE#         413
  C:14C9H         LINE#         414
  C:14DEH         LINE#         415
  C:14E0H         LINE#         416
  C:14E2H         LINE#         417
  C:14E4H         LINE#         424
  C:14E4H         LINE#         425
  C:14E6H         LINE#         426
  C:14E8H         LINE#         427
  C:14E8H         LINE#         428
  C:14E8H         LINE#         429
  C:14EDH         LINE#         430
  C:14EDH         LINE#         431
  C:14EFH         LINE#         432
  C:14F1H         LINE#         433
  C:14FCH         LINE#         434
  C:14FFH         LINE#         435
  C:150AH         LINE#         436
  C:150AH         LINE#         437
  -------         ENDPROC       MOOD_CHOOSE_WORK
  -------         PROC          SLEEP_CHECK
  C:1901H         LINE#         444
  C:1901H         LINE#         445
  C:1901H         LINE#         446
  C:190DH         LINE#         447
  C:190DH         LINE#         448
  C:1912H         LINE#         449
  C:1917H         LINE#         450
  C:191AH         LINE#         451
  C:192DH         LINE#         452
  C:1930H         LINE#         453
  C:1933H         LINE#         454
  C:193BH         LINE#         455
  C:193BH         LINE#         456
  -------         ENDPROC       SLEEP_CHECK
BL51 BANKED LINKER/LOCATER V6.22                                                      06/15/2018  03:20:22  PAGE 12


  -------         PROC          KEY_CHECK
  C:19C7H         LINE#         463
  C:19C7H         LINE#         464
  C:19C7H         LINE#         465
  C:19C7H         LINE#         466
  C:19C7H         LINE#         467
  C:19CCH         LINE#         468
  C:19D1H         LINE#         469
  C:19D6H         LINE#         470
  C:19DAH         LINE#         471
  C:19DDH         LINE#         472
  C:19DDH         LINE#         473
  C:19DDH         LINE#         474
  C:19E0H         LINE#         475
  -------         ENDPROC       KEY_CHECK
  -------         PROC          KEY_CHECK_SETNUM
  C:1638H         LINE#         481
  C:1638H         LINE#         482
  C:1638H         LINE#         483
  C:1641H         LINE#         484
  C:1641H         LINE#         485
  C:1646H         LINE#         486
  C:1651H         LINE#         487
  C:1654H         LINE#         489
  C:1656H         LINE#         490
  C:165BH         LINE#         491
  C:165BH         LINE#         492
  C:1666H         LINE#         493
  C:1669H         LINE#         495
  C:166BH         LINE#         496
  C:166BH         LINE#         497
  C:166BH         LINE#         499
  C:1671H         LINE#         500
  C:1671H         LINE#         501
  C:1676H         LINE#         502
  C:167BH         LINE#         503
  C:1680H         LINE#         504
  C:1684H         LINE#         505
  C:1687H         LINE#         506
  C:168CH         LINE#         507
  C:1691H         LINE#         508
  C:1696H         LINE#         509
  C:169AH         LINE#         510
  C:169DH         LINE#         511
  C:169DH         LINE#         512
  C:16A2H         LINE#         513
  C:16A2H         LINE#         514
  C:16ABH         LINE#         515
  C:16AFH         LINE#         517
  C:16B2H         LINE#         518
  C:16B2H         LINE#         519
  C:16B5H         LINE#         520
  -------         ENDPROC       KEY_CHECK_SETNUM
  -------         PROC          SET_NUM_CALCULATE
  -------         DO            
  D:0004H         SYMBOL        numresult
  -------         ENDDO         
BL51 BANKED LINKER/LOCATER V6.22                                                      06/15/2018  03:20:22  PAGE 13


  C:17EAH         LINE#         526
  C:17EAH         LINE#         527
  C:17EAH         LINE#         528
  C:17F0H         LINE#         529
  C:183DH         LINE#         530
  C:1842H         LINE#         531
  C:1845H         LINE#         532
  C:1845H         LINE#         533
  -------         ENDPROC       SET_NUM_CALCULATE
  -------         PROC          TURN_CHECK
  C:127CH         LINE#         540
  C:127CH         LINE#         541
  C:127CH         LINE#         542
  C:1288H         LINE#         543
  C:128AH         LINE#         544
  C:128CH         LINE#         545
  C:128FH         LINE#         546
  C:1296H         LINE#         547
  C:1296H         LINE#         548
  C:1299H         LINE#         549
  C:12C8H         LINE#         550
  C:12C8H         LINE#         551
  C:12E1H         LINE#         552
  C:12F3H         LINE#         553
  C:12F6H         LINE#         554
  C:1308H         LINE#         555
  C:130BH         LINE#         556
  C:1316H         LINE#         557
  C:1323H         LINE#         558
  C:133DH         LINE#         559
  C:134AH         LINE#         560
  C:134AH         LINE#         561
  C:134AH         LINE#         562
  C:134DH         LINE#         563
  C:1358H         LINE#         564
  C:135BH         LINE#         565
  C:135EH         LINE#         566
  C:1361H         LINE#         567
  C:1364H         LINE#         569
  C:1370H         LINE#         570
  C:1370H         LINE#         571
  C:1372H         LINE#         572
  C:1374H         LINE#         573
  C:1377H         LINE#         574
  C:137EH         LINE#         575
  C:137EH         LINE#         576
  C:1381H         LINE#         577
  C:13B0H         LINE#         578
  C:13B0H         LINE#         579
  C:13C9H         LINE#         580
  C:13DBH         LINE#         581
  C:13DEH         LINE#         582
  C:13F0H         LINE#         583
  C:13F3H         LINE#         584
  C:13FEH         LINE#         585
  C:140BH         LINE#         586
  C:1425H         LINE#         587
BL51 BANKED LINKER/LOCATER V6.22                                                      06/15/2018  03:20:22  PAGE 14


  C:1432H         LINE#         588
  C:1432H         LINE#         589
  C:1432H         LINE#         590
  C:1435H         LINE#         591
  C:1440H         LINE#         592
  C:1443H         LINE#         593
  C:1446H         LINE#         594
  C:1449H         LINE#         595
  C:144CH         LINE#         596
  C:144FH         LINE#         597
  C:1452H         LINE#         598
  C:1452H         LINE#         599
  C:1455H         LINE#         600
  C:1456H         LINE#         602
  C:1456H         LINE#         603
  C:1459H         LINE#         604
  C:145BH         LINE#         605
  C:145BH         LINE#         617
  -------         ENDPROC       TURN_CHECK
  -------         PROC          UARTINIT
  C:19E1H         LINE#         623
  C:19E1H         LINE#         624
  C:19E1H         LINE#         625
  C:19E4H         LINE#         626
  C:19E7H         LINE#         627
  C:19EAH         LINE#         628
  C:19EDH         LINE#         629
  C:19F0H         LINE#         630
  C:19F3H         LINE#         631
  C:19F5H         LINE#         632
  C:19F7H         LINE#         633
  -------         ENDPROC       UARTINIT
  -------         PROC          UART1_ISR
  C:1727H         LINE#         639
  C:1738H         LINE#         641
  C:173BH         LINE#         642
  C:173BH         LINE#         643
  C:173EH         LINE#         644
  C:1745H         LINE#         645
  C:1748H         LINE#         646
  C:174FH         LINE#         647
  C:1752H         LINE#         648
  C:1759H         LINE#         649
  C:175CH         LINE#         650
  C:1763H         LINE#         651
  C:1766H         LINE#         652
  C:176DH         LINE#         653
  C:1770H         LINE#         654
  C:1777H         LINE#         656
  C:1779H         LINE#         657
  C:177BH         LINE#         659
  C:177DH         LINE#         660
  -------         ENDPROC       UART1_ISR
  -------         PROC          MAIN
  C:150BH         LINE#         661
  C:150BH         LINE#         662
  C:150BH         LINE#         663
BL51 BANKED LINKER/LOCATER V6.22                                                      06/15/2018  03:20:22  PAGE 15


  C:150EH         LINE#         664
  C:1511H         LINE#         665
  C:1514H         LINE#         666
  C:1516H         LINE#         667
  C:1519H         LINE#         668
  C:151BH         LINE#         669
  C:151EH         LINE#         670
  C:1520H         LINE#         671
  C:1523H         LINE#         672
  C:1526H         LINE#         673
  C:152CH         LINE#         674
  C:1534H         LINE#         676
  C:153AH         LINE#         677
  C:1541H         LINE#         678
  C:1548H         LINE#         679
  C:154FH         LINE#         681
  C:1556H         LINE#         684
  C:1556H         LINE#         685
  C:1556H         LINE#         686
  C:1559H         LINE#         687
  C:155CH         LINE#         688
  C:155FH         LINE#         689
  C:1562H         LINE#         690
  C:1577H         LINE#         691
  C:157AH         LINE#         692
  C:157FH         LINE#         693
  C:157FH         LINE#         694
  C:1582H         LINE#         695
  C:1585H         LINE#         696
  C:1588H         LINE#         697
  C:158FH         LINE#         698
  C:158FH         LINE#         699
  C:1594H         LINE#         700
  C:1594H         LINE#         701
  C:1597H         LINE#         702
  C:159AH         LINE#         703
  C:159DH         LINE#         704
  C:15A4H         LINE#         705
  C:15A4H         LINE#         707
  C:15A7H         LINE#         708
  C:15AAH         LINE#         709
  -------         ENDPROC       MAIN
  -------         ENDMOD        MAIN

  -------         MODULE        ?C?FPADD
  C:005DH         PUBLIC        ?C?FPADD
  C:0059H         PUBLIC        ?C?FPSUB
  -------         ENDMOD        ?C?FPADD

  -------         MODULE        ?C?FPMUL
  C:014EH         PUBLIC        ?C?FPMUL
  -------         ENDMOD        ?C?FPMUL

  -------         MODULE        ?C?FPDIV
  C:0257H         PUBLIC        ?C?FPDIV
  -------         ENDMOD        ?C?FPDIV

BL51 BANKED LINKER/LOCATER V6.22                                                      06/15/2018  03:20:22  PAGE 16


  -------         MODULE        ?C?FPCMP
  C:02F6H         PUBLIC        ?C?FPCMP
  C:02F4H         PUBLIC        ?C?FPCMP3
  -------         ENDMOD        ?C?FPCMP

  -------         MODULE        ?C?FPNEG
  C:036DH         PUBLIC        ?C?FPNEG
  -------         ENDMOD        ?C?FPNEG

  -------         MODULE        ?C?FCAST
  C:0388H         PUBLIC        ?C?FCASTC
  C:0383H         PUBLIC        ?C?FCASTI
  C:037EH         PUBLIC        ?C?FCASTL
  -------         ENDMOD        ?C?FCAST

  -------         MODULE        ?C?CASTF
  C:03BCH         PUBLIC        ?C?CASTF
  -------         ENDMOD        ?C?CASTF

  -------         MODULE        ?C?SIDIV
  C:043DH         PUBLIC        ?C?SIDIV
  -------         ENDMOD        ?C?SIDIV

  -------         MODULE        ?C?SLDIV
  C:1846H         PUBLIC        ?C?SLDIV
  -------         ENDMOD        ?C?SLDIV

  -------         MODULE        ?C?LNEG
  C:0473H         PUBLIC        ?C?LNEG
  -------         ENDMOD        ?C?LNEG

  -------         MODULE        ?C?SLCMP
  C:0481H         PUBLIC        ?C?SLCMP
  -------         ENDMOD        ?C?SLCMP

  -------         MODULE        ?C?LLDCODE
  C:0497H         PUBLIC        ?C?LLDCODE
  -------         ENDMOD        ?C?LLDCODE

  -------         MODULE        ?C?LLDCODE0
  C:04A7H         PUBLIC        ?C?LLDCODE0
  -------         ENDMOD        ?C?LLDCODE0

  -------         MODULE        ?C?UIDIV
  C:04B7H         PUBLIC        ?C?UIDIV
  -------         ENDMOD        ?C?UIDIV

  -------         MODULE        ?C?ULDIV
  C:0548H         PUBLIC        ?C?ULDIV
  -------         ENDMOD        ?C?ULDIV

Program Size: data=76.0 xdata=0 code=6645
LINK/LOCATE RUN COMPLETE.  0 WARNING(S),  0 ERROR(S)
